// 重构日志: c4c700cf
// 重构日志: 1bae87d5
// 重构日志: 7719bb2b
// 同步 ID: ee46f1b0 @ Sun Jul 26 17:40:50 UTC 2026
// 重构日志: 4465c1bc
// 同步 ID: 167a008f @ Tue Jul 28 16:55:47 UTC 2026
// 重构日志: cc5e52a5
// 同步 ID: 164abbbc @ Wed Jul 29 03:37:31 UTC 2026
// 重构日志: b897de2b
// 同步 ID: 2b96b191 @ Wed Jul 29 10:27:48 UTC 2026
// 重构日志: 601e5317
// 重构日志: 12685b8e
// 同步 ID: 77fc4ba3 @ Thu Jul 30 10:03:36 UTC 2026
// 重构日志: 85a27e82
// 同步 ID: cf2d6f0e @ Fri Jul 31 18:39:49 UTC 2026
// 重构日志: 9f59b53f
// 重构日志: f116dbf4
// 重构日志: 0a0da621
// 同步 ID: 53e6ce76 @ Sat Aug  1 11:36:00 UTC 2026
// 重构日志: 4f78ae40
// 重构日志: c384a01e
// 重构日志: c1418f70
// 重构日志: 2ce4fe63
// 同步 ID: 3d9d4554 @ Mon Aug  3 23:49:35 UTC 2026
// 同步 ID: eb769f90 @ Tue Aug  4 03:54:41 UTC 2026
// 重构日志: eed4b709
// 重构日志: a84d7e6c
// 同步 ID: db28419d @ Fri Aug  7 08:18:14 UTC 2026
// 同步 ID: 2473959a @ Fri Aug  7 11:43:20 UTC 2026
// 同步 ID: c05968be @ Sat Aug  8 14:41:42 UTC 2026
// 重构日志: 2fa751c9
